# Course Link Check Report
Total: 39
Validos (2xx): 39
Quebrados/indisponiveis: 0

## Quebrados

## Todos os resultados
[OK] (200) Google UX Design (certificado profissional) | https://www.coursera.org/professional-certificates/google-ux-design | OK
[OK] (403) UI/UX: Figma & Web Design (do zero a interfaces completas) | https://www.udemy.com/course/figma-uxui/ | OK (Udemy bloqueia verificacao automatica; costuma abrir no navegador)
[OK] (200) CS50: Introduction to Computer Science | https://www.edx.org/course/introduction-computer-science-harvardx-cs50x | OK
[OK] (200) IBM Data Science (certificado profissional) | https://www.coursera.org/professional-certificates/ibm-data-science | OK
[OK] (403) Terraform e AWS: infraestrutura como código (IaC) | https://www.udemy.com/course/terraform-aws-devops/ | OK (Udemy bloqueia verificacao automatica; costuma abrir no navegador)
[OK] (200) Java Programming and Software Engineering Fundamentals | https://www.coursera.org/specializations/java-programming | OK
[OK] (200) Meta Front-End Developer (certificado profissional) | https://www.coursera.org/professional-certificates/meta-front-end-developer | OK
[OK] (200) Linux e redes para administradores (Introdução) | https://www.coursera.org/learn/linux-tools-for-developers | OK
[OK] (200) Machine Learning (revisado CS229 · material aberto) | https://cs229.stanford.edu/ | OK
[OK] (200) User Experience and Interface Design (extensão) | https://extension.harvard.edu/academics/programs/ | OK
[OK] (200) Python for Everybody (Especialização) | https://www.coursera.org/specializations/python | OK
[OK] (200) Introduction to Cybersecurity Tools & Cyber Attacks | https://www.edx.org/learn/cybersecurity | OK
[OK] (403) Photoshop e UI: assets para design de interfaces | https://www.udemy.com/course/photoshop-web-design-uxui/ | OK (Udemy bloqueia verificacao automatica; costuma abrir no navegador)
[OK] (200) Science Matters: vamos falar de saúde pública (introdução) | https://www.coursera.org/specializations/biostatistics-public-health | OK
[OK] (200) Improving Global Health: Focusing on Quality and Safety | https://www.edx.org/learn/public-health | OK
[OK] (200) In the Clinic: a Nursing Primer (simulação introdutória) | https://www.coursera.org/learn/vital-signs | OK
[OK] (200) Corpo humano e cuidado: anatomia acessível (aberta) | https://uspdigital.usp.br/mooc/mooc | OK
[OK] (200) The Science of Well-Being | https://www.coursera.org/learn/the-science-of-well-being | OK
[OK] (403) Mindfulness e manejo do estresse na rotina de estudo | https://www.udemy.com/course/mindfulness-meditation-stress-management/ | OK (Udemy bloqueia verificacao automatica; costuma abrir no navegador)
[OK] (200) Dynamic Public Speaking (especialização) | https://www.coursera.org/specializations/public-speaking | OK
[OK] (200) Introduction to Psychology (Yale / Coursera) | https://www.coursera.org/learn/introduction-psychology | OK
[OK] (200) Justiça (filosofia moral e política) | https://www.edx.org/course/justice-2 | OK
[OK] (200) Game Design: Art and Concepts (foco em arte 2D) | https://www.coursera.org/specializations/game-design | OK
[OK] (403) Branding: identidade visual e tipografia (projeto do zero) | https://www.udemy.com/course/brand-identity-and-logo-design-process/ | OK (Udemy bloqueia verificacao automatica; costuma abrir no navegador)
[OK] (200) Photography Basics and Beyond (especialização) | https://www.coursera.org/specializations/photography-basics | OK
[OK] (200) Digital Storytelling: film craft for social media (RIT) | https://www.edx.org/learn/film | OK
[OK] (200) Songwriting: Writing the Lyrics (Berklee) | https://www.coursera.org/learn/songwriting-lyrics | OK
[OK] (403) Produção musical no Ableton (do zero a um track) | https://www.udemy.com/course/ableton-live/ | OK (Udemy bloqueia verificacao automatica; costuma abrir no navegador)
[OK] (200) Google Digital Marketing & E-commerce (certificado profissional) | https://www.coursera.org/professional-certificates/google-digital-marketing-ecommerce | OK
[OK] (200) Marketing Analytics (Penn / Wharton · Coursera) | https://www.edx.org/learn/business-administration/the-wharton-school-of-the-university-of-pennsylvania-marketing-analytics-data-tools-and-techniques | OK
[OK] (200) Financial Accounting and Analysis (edX, intro) | https://www.edx.org/learn/finance | OK
[OK] (200) Entrepreneurship (4 cursos) — sementes, descoberta, execução | https://www.coursera.org/specializations/business-entrepreneurship | OK
[OK] (200) Becoming an Entrepreneur (MIT Bootcamps, intro online) | https://entrepreneurship.mit.edu/ | OK
[OK] (200) Mechanics of Materials I: fundamentals (Georgia Tech) | https://www.coursera.org/learn/mechanics-of-materials-1 | OK
[OK] (200) Green Building: sustainable materials (Politecnico di Milano, edX) | https://www.edx.org/learn/renewable-energy | OK
[OK] (200) Modern Robotics: Mechanics, Planning, and Control (Northwestern) | https://www.coursera.org/specializations/modernrobotics | OK
[OK] (200) Operations Management (Penn, Coursera) | https://www.coursera.org/learn/wharton-operations | OK
[OK] (200) Our Energy Future: renewable and sustainable (UCSD) | https://www.coursera.org/learn/renewable-energy | OK
[OK] (403) Orçamento e cronograma em obras: planilha na prática | https://www.udemy.com/course/construction-management-estimating/ | OK (Udemy bloqueia verificacao automatica; costuma abrir no navegador)
